=== baseline - task2 ===
START: 13:26:54
END: 13:33:40
[90m2026-05-05T04:13:43.667+00:00[39m [36m[browser/server][39m [36mBrowser control listening on http://127.0.0.1:18791/ (auth=token)[39m
Files created:
/Users/krishna/.openclaw/workspace/HelloWorld.py
/Users/krishna/.openclaw/workspace/sum_to_target.py
---
=== baseline - task2 ===
START: 13:34:26
END: 13:35:36
[90m2026-05-05T04:13:43.667+00:00[39m [36m[browser/server][39m [36mBrowser control listening on http://127.0.0.1:18791/ (auth=token)[39m
Files created:
/Users/krishna/.openclaw/workspace/numbers_to_target.py
---
=== baseline - task2 ===
START: 13:45:35
END: 13:51:29
[90m2026-05-05T04:13:43.667+00:00[39m [36m[browser/server][39m [36mBrowser control listening on http://127.0.0.1:18791/ (auth=token)[39m
Files created:
/Users/krishna/.openclaw/workspace/numbers_to_target.py
---
=== baseline - task2 ===
START: 13:52:07
END: 14:03:19
[90m2026-05-05T04:13:43.667+00:00[39m [36m[browser/server][39m [36mBrowser control listening on http://127.0.0.1:18791/ (auth=token)[39m
Files created:
---
=== baseline - task2 ===
START: 14:15:30
END: 14:16:59
[90m2026-05-05T04:13:43.667+00:00[39m [36m[browser/server][39m [36mBrowser control listening on http://127.0.0.1:18791/ (auth=token)[39m
Files created:
/Users/krishna/.openclaw/workspace/numbers_sum_target.py
/Users/krishna/.openclaw/workspace/two_sum.py
---
=== baseline - task3 ===
START: 14:27:47
END: 14:49:55
[90m2026-05-05T04:13:43.667+00:00[39m [36m[browser/server][39m [36mBrowser control listening on http://127.0.0.1:18791/ (auth=token)[39m
Files created:
/Users/krishna/.openclaw/workspace/numbers_sum_target.py
/Users/krishna/.openclaw/workspace/two_sum.py
---
=== baseline - task3 ===
START: 14:50:18
=== baseline - task3 ===
START: 14:56:18
=== baseline - task3 ===
START: 15:00:41
=== baseline - task3 ===
START: 15:13:43
=== baseline - task3 ===
START: 15:18:10
=== baseline - task3 ===
START: 15:22:40
